#-----------------------------------------------------------
# Webtalk v2021.1 (64-bit)
# SW Build 3247384 on Thu Jun 10 19:36:33 MDT 2021
# IP Build 3246043 on Fri Jun 11 00:30:35 MDT 2021
# Start of session at: Sun May 22 10:09:18 2022
# Process ID: 31664
# Current directory: C:/Users/lenovo/Desktop/void/cod/lab5/2021USTC_COD-main/RISCV/RISCV.sim/sim_1/behav/xsim
# Command line: wbtcv.exe -mode batch -source C:/Users/lenovo/Desktop/void/cod/lab5/2021USTC_COD-main/RISCV/RISCV.sim/sim_1/behav/xsim/xsim.dir/TOP_TEST_behav/webtalk/xsim_webtalk.tcl -notrace
# Log file: C:/Users/lenovo/Desktop/void/cod/lab5/2021USTC_COD-main/RISCV/RISCV.sim/sim_1/behav/xsim/webtalk.log
# Journal file: C:/Users/lenovo/Desktop/void/cod/lab5/2021USTC_COD-main/RISCV/RISCV.sim/sim_1/behav/xsim\webtalk.jou
#-----------------------------------------------------------
source C:/Users/lenovo/Desktop/void/cod/lab5/2021USTC_COD-main/RISCV/RISCV.sim/sim_1/behav/xsim/xsim.dir/TOP_TEST_behav/webtalk/xsim_webtalk.tcl -notrace
